// Jest Snapshot v1, https://goo.gl/fbAQLP

exports[`App should return the initial state 1`] = `
Object {
  "alerts": Array [],
}
`;
